taxlevel	rankID	taxon	daughterlevels	total	F3D0	F3D1	F3D2	F3D3	F3D5	F3D6	F3D7	F3D8	F3D9
0	0	Root	1	330	179	166	201	140	148	171	137	168	181
1	0.1	Bacteria	8	330	179	166	201	140	148	171	137	168	181
2	0.1.1	"Actinobacteria"	1	6	3	2	4	3	1	2	3	3	2
3	0.1.1.1	Actinobacteria	2	6	3	2	4	3	1	2	3	3	2
4	0.1.1.1.1	Bifidobacteriales	1	1	1	0	1	1	0	0	0	0	0
5	0.1.1.1.1.1	Bifidobacteriaceae	1	1	1	0	1	1	0	0	0	0	0
6	0.1.1.1.1.1.1	Bifidobacterium	0	1	1	0	1	1	0	0	0	0	0
4	0.1.1.1.2	Coriobacteriales	1	5	2	2	3	2	1	2	3	3	2
5	0.1.1.1.2.1	Coriobacteriaceae	2	5	2	2	3	2	1	2	3	3	2
6	0.1.1.1.2.1.1	Coriobacteriaceae_unclassified	0	4	1	1	2	1	0	1	2	2	1
6	0.1.1.1.2.1.2	Enterorhabdus	0	1	1	1	1	1	1	1	1	1	1
2	0.1.2	"Bacteroidetes"	3	52	17	17	31	22	15	18	15	15	16
3	0.1.2.1	"Bacteroidetes"_unclassified	1	3	0	0	1	0	0	1	0	0	1
4	0.1.2.1.1	"Bacteroidetes"_unclassified	1	3	0	0	1	0	0	1	0	0	1
5	0.1.2.1.1.1	"Bacteroidetes"_unclassified	1	3	0	0	1	0	0	1	0	0	1
6	0.1.2.1.1.1.1	"Bacteroidetes"_unclassified	0	3	0	0	1	0	0	1	0	0	1
3	0.1.2.2	"Bacteroidia"	1	48	17	17	30	22	15	17	15	15	14
4	0.1.2.2.1	"Bacteroidales"	4	48	17	17	30	22	15	17	15	15	14
5	0.1.2.2.1.1	"Bacteroidales"_unclassified	1	3	0	0	1	1	0	2	0	0	0
6	0.1.2.2.1.1.1	"Bacteroidales"_unclassified	0	3	0	0	1	1	0	2	0	0	0
5	0.1.2.2.1.2	"Porphyromonadaceae"	2	43	15	15	27	19	13	13	13	13	12
6	0.1.2.2.1.2.1	"Porphyromonadaceae"_unclassified	0	42	14	14	26	18	12	12	12	12	11
6	0.1.2.2.1.2.2	Barnesiella	0	1	1	1	1	1	1	1	1	1	1
5	0.1.2.2.1.3	"Rikenellaceae"	1	1	1	1	1	1	1	1	1	1	1
6	0.1.2.2.1.3.1	Alistipes	0	1	1	1	1	1	1	1	1	1	1
5	0.1.2.2.1.4	Bacteroidaceae	1	1	1	1	1	1	1	1	1	1	1
6	0.1.2.2.1.4.1	Bacteroides	0	1	1	1	1	1	1	1	1	1	1
3	0.1.2.3	Flavobacteria	1	1	0	0	0	0	0	0	0	0	1
4	0.1.2.3.1	"Flavobacteriales"	1	1	0	0	0	0	0	0	0	0	1
5	0.1.2.3.1.1	Cryomorphaceae	1	1	0	0	0	0	0	0	0	0	1
6	0.1.2.3.1.1.1	Lishizhenia	0	1	0	0	0	0	0	0	0	0	1
2	0.1.3	"Proteobacteria"	1	7	3	4	2	2	2	2	2	3	2
3	0.1.3.1	Gammaproteobacteria	4	7	3	4	2	2	2	2	2	3	2
4	0.1.3.1.1	"Enterobacteriales"	1	2	1	1	1	1	1	1	1	1	1
5	0.1.3.1.1.1	Enterobacteriaceae	1	2	1	1	1	1	1	1	1	1	1
6	0.1.3.1.1.1.1	Enterobacteriaceae_unclassified	0	2	1	1	1	1	1	1	1	1	1
4	0.1.3.1.2	Aeromonadales	1	1	1	0	0	0	0	0	0	0	0
5	0.1.3.1.2.1	Aeromonadaceae	1	1	1	0	0	0	0	0	0	0	0
6	0.1.3.1.2.1.1	Aeromonas	0	1	1	0	0	0	0	0	0	0	0
4	0.1.3.1.3	Pseudomonadales	1	3	1	2	1	1	1	1	1	2	1
5	0.1.3.1.3.1	Pseudomonadaceae	2	3	1	2	1	1	1	1	1	2	1
6	0.1.3.1.3.1.1	Pseudomonadaceae_unclassified	0	1	0	1	0	0	0	0	0	0	0
6	0.1.3.1.3.1.2	Pseudomonas	0	2	1	1	1	1	1	1	1	2	1
4	0.1.3.1.4	Xanthomonadales	1	1	0	1	0	0	0	0	0	0	0
5	0.1.3.1.4.1	Xanthomonadaceae	1	1	0	1	0	0	0	0	0	0	0
6	0.1.3.1.4.1.1	Stenotrophomonas	0	1	0	1	0	0	0	0	0	0	0
2	0.1.4	"Tenericutes"	1	2	1	1	1	1	1	1	2	1	1
3	0.1.4.1	Mollicutes	1	2	1	1	1	1	1	1	2	1	1
4	0.1.4.1.1	Anaeroplasmatales	1	2	1	1	1	1	1	1	2	1	1
5	0.1.4.1.1.1	Anaeroplasmataceae	1	2	1	1	1	1	1	1	2	1	1
6	0.1.4.1.1.1.1	Anaeroplasma	0	2	1	1	1	1	1	1	2	1	1
2	0.1.5	"Verrucomicrobia"	1	1	1	0	1	0	0	0	0	0	0
3	0.1.5.1	Verrucomicrobiae	1	1	1	0	1	0	0	0	0	0	0
4	0.1.5.1.1	Verrucomicrobiales	1	1	1	0	1	0	0	0	0	0	0
5	0.1.5.1.1.1	Verrucomicrobiaceae	1	1	1	0	1	0	0	0	0	0	0
6	0.1.5.1.1.1.1	Akkermansia	0	1	1	0	1	0	0	0	0	0	0
2	0.1.6	Bacteria_unclassified	1	6	3	4	3	3	2	2	2	2	3
3	0.1.6.1	Bacteria_unclassified	1	6	3	4	3	3	2	2	2	2	3
4	0.1.6.1.1	Bacteria_unclassified	1	6	3	4	3	3	2	2	2	2	3
5	0.1.6.1.1.1	Bacteria_unclassified	1	6	3	4	3	3	2	2	2	2	3
6	0.1.6.1.1.1.1	Bacteria_unclassified	0	6	3	4	3	3	2	2	2	2	3
2	0.1.7	Firmicutes	4	249	149	136	158	107	126	145	111	143	154
3	0.1.7.1	Bacilli	2	9	5	4	7	4	3	5	5	5	4
4	0.1.7.1.1	Bacillales	2	2	0	0	1	0	0	1	0	0	0
5	0.1.7.1.1.1	Bacillales_unclassified	1	1	0	0	0	0	0	1	0	0	0
6	0.1.7.1.1.1.1	Bacillales_unclassified	0	1	0	0	0	0	0	1	0	0	0
5	0.1.7.1.1.2	Staphylococcaceae	1	1	0	0	1	0	0	0	0	0	0
6	0.1.7.1.1.2.1	Staphylococcus	0	1	0	0	1	0	0	0	0	0	0
4	0.1.7.1.2	Lactobacillales	4	7	5	4	6	4	3	4	5	5	4
5	0.1.7.1.2.1	Carnobacteriaceae	1	1	1	0	0	0	0	0	0	0	0
6	0.1.7.1.2.1.1	Atopostipes	0	1	1	0	0	0	0	0	0	0	0
5	0.1.7.1.2.2	Lactobacillaceae	1	3	3	3	3	3	3	3	3	3	3
6	0.1.7.1.2.2.1	Lactobacillus	0	3	3	3	3	3	3	3	3	3	3
5	0.1.7.1.2.3	Leuconostocaceae	1	1	0	0	1	0	0	0	0	0	0
6	0.1.7.1.2.3.1	Weissella	0	1	0	0	1	0	0	0	0	0	0
5	0.1.7.1.2.4	Streptococcaceae	1	2	1	1	2	1	0	1	2	2	1
6	0.1.7.1.2.4.1	Streptococcus	0	2	1	1	2	1	0	1	2	2	1
3	0.1.7.2	Clostridia	2	226	134	126	144	97	118	136	100	131	143
4	0.1.7.2.1	Clostridia_unclassified	1	4	0	1	3	1	1	2	1	2	2
5	0.1.7.2.1.1	Clostridia_unclassified	1	4	0	1	3	1	1	2	1	2	2
6	0.1.7.2.1.1.1	Clostridia_unclassified	0	4	0	1	3	1	1	2	1	2	2
4	0.1.7.2.2	Clostridiales	5	222	134	125	141	96	117	134	99	129	141
5	0.1.7.2.2.1	Clostridiaceae_1	2	2	1	0	2	0	1	0	0	1	0
6	0.1.7.2.2.1.1	Clostridiaceae_1_unclassified	0	1	0	0	1	0	0	0	0	0	0
6	0.1.7.2.2.1.2	Clostridium_sensu_stricto	0	1	1	0	1	0	1	0	0	1	0
5	0.1.7.2.2.2	Clostridiales_unclassified	1	33	14	11	15	10	13	13	12	14	16
6	0.1.7.2.2.2.1	Clostridiales_unclassified	0	33	14	11	15	10	13	13	12	14	16
5	0.1.7.2.2.3	Eubacteriaceae	2	2	1	1	1	1	1	2	1	1	1
6	0.1.7.2.2.3.1	Anaerofustis	0	1	0	0	0	0	0	1	0	0	0
6	0.1.7.2.2.3.2	Eubacterium	0	1	1	1	1	1	1	1	1	1	1
5	0.1.7.2.2.4	Lachnospiraceae	7	140	90	87	92	67	77	90	69	86	95
6	0.1.7.2.2.4.1	Clostridium_XlVa	0	3	3	2	2	2	2	2	2	2	2
6	0.1.7.2.2.4.2	Clostridium_XlVb	0	4	3	4	3	3	1	3	2	3	3
6	0.1.7.2.2.4.3	Dorea	0	2	0	2	1	1	1	1	0	1	1
6	0.1.7.2.2.4.4	Johnsonella	0	1	1	1	1	1	1	1	1	1	1
6	0.1.7.2.2.4.5	Lachnospiracea_incertae_sedis	0	1	1	0	0	0	0	0	0	1	0
6	0.1.7.2.2.4.6	Lachnospiraceae_unclassified	0	127	80	77	83	58	70	81	64	76	86
6	0.1.7.2.2.4.7	Roseburia	0	2	2	1	2	2	2	2	0	2	2
5	0.1.7.2.2.5	Ruminococcaceae	6	45	28	26	31	18	25	29	17	27	29
6	0.1.7.2.2.5.1	Anaerotruncus	0	1	1	0	1	0	0	1	0	0	0
6	0.1.7.2.2.5.2	Butyricicoccus	0	1	1	1	1	0	1	1	1	1	1
6	0.1.7.2.2.5.3	Clostridium_IV	0	3	3	2	2	2	2	2	1	2	2
6	0.1.7.2.2.5.4	Oscillibacter	0	6	4	3	5	5	5	5	3	2	4
6	0.1.7.2.2.5.5	Pseudoflavonifractor	0	1	1	0	0	0	0	0	1	0	0
6	0.1.7.2.2.5.6	Ruminococcaceae_unclassified	0	33	18	20	22	11	17	20	11	22	22
3	0.1.7.3	Erysipelotrichia	1	2	2	0	1	2	1	0	2	2	1
4	0.1.7.3.1	Erysipelotrichales	1	2	2	0	1	2	1	0	2	2	1
5	0.1.7.3.1.1	Erysipelotrichaceae	2	2	2	0	1	2	1	0	2	2	1
6	0.1.7.3.1.1.1	Erysipelotrichaceae_unclassified	0	1	1	0	0	1	0	0	1	1	1
6	0.1.7.3.1.1.2	Turicibacter	0	1	1	0	1	1	1	0	1	1	0
3	0.1.7.4	Firmicutes_unclassified	1	12	8	6	6	4	4	4	4	5	6
4	0.1.7.4.1	Firmicutes_unclassified	1	12	8	6	6	4	4	4	4	5	6
5	0.1.7.4.1.1	Firmicutes_unclassified	1	12	8	6	6	4	4	4	4	5	6
6	0.1.7.4.1.1.1	Firmicutes_unclassified	0	12	8	6	6	4	4	4	4	5	6
2	0.1.8	TM7	1	7	2	2	1	2	1	1	2	1	3
3	0.1.8.1	TM7_class_incertae_sedis	1	7	2	2	1	2	1	1	2	1	3
4	0.1.8.1.1	TM7_order_incertae_sedis	1	7	2	2	1	2	1	1	2	1	3
5	0.1.8.1.1.1	TM7_family_incertae_sedis	1	7	2	2	1	2	1	1	2	1	3
6	0.1.8.1.1.1.1	TM7_genus_incertae_sedis	0	7	2	2	1	2	1	1	2	1	3
